// Jest Snapshot v1, https://goo.gl/fbAQLP

exports[`HorizontalScroll tests HorizontalScroll renders correctly 1`] = `
.emotion-0 {
  position: relative;
  display: -webkit-box;
  display: -webkit-flex;
  display: -ms-flexbox;
  display: flex;
}

.emotion-2 {
  -webkit-flex-shrink: 0;
  -ms-flex-negative: 0;
  flex-shrink: 0;
  z-index: 9;
  -webkit-transition: width 0.17s ease-in-out;
  transition: width 0.17s ease-in-out;
  position: absolute;
  height: 100%;
  top: 0;
  pointer-events: none;
  display: -webkit-box;
  display: -webkit-flex;
  display: -ms-flexbox;
  display: flex;
  -webkit-align-items: center;
  -webkit-box-align: center;
  -ms-flex-align: center;
  align-items: center;
  left: 0;
}

.emotion-4 {
  padding: 0;
  margin: 0;
  opacity: 0;
  outline: none;
  position: relative;
  -webkit-transition: opacity 0.17s ease-in-out,box-shadow 0.17s ease-in-out;
  transition: opacity 0.17s ease-in-out,box-shadow 0.17s ease-in-out;
  width: 24px;
  height: 100%;
}

.emotion-4 svg {
  -webkit-transition: fill 0.17s ease-in-out;
  transition: fill 0.17s ease-in-out;
}

.emotion-6 {
  display: inline-block;
  -webkit-text-decoration: none;
  text-decoration: none;
  vertical-align: middle;
}

.emotion-6 svg {
  display: block;
}

.emotion-8 {
  white-space: nowrap;
  display: -webkit-box;
  display: -webkit-flex;
  display: -ms-flexbox;
  display: flex;
  overflow-x: hidden;
}

.emotion-10 {
  display: -webkit-inline-box;
  display: -webkit-inline-flex;
  display: -ms-inline-flexbox;
  display: inline-flex;
  -webkit-flex-shrink: 0;
  -ms-flex-negative: 0;
  flex-shrink: 0;
}

.emotion-12 {
  -webkit-flex-shrink: 0;
  -ms-flex-negative: 0;
  flex-shrink: 0;
  z-index: 9;
  -webkit-transition: width 0.17s ease-in-out;
  transition: width 0.17s ease-in-out;
  position: absolute;
  height: 100%;
  top: 0;
  pointer-events: none;
  display: -webkit-box;
  display: -webkit-flex;
  display: -ms-flexbox;
  display: flex;
  -webkit-align-items: center;
  -webkit-box-align: center;
  -ms-flex-align: center;
  align-items: center;
  right: 0;
}

<HorizontalScroll>
  <ScrollStyled
    mobile={false}
    mode="inline"
  >
    <div
      className="emotion-0 emotion-1"
      mode="inline"
    >
      <Control
        active={false}
        mode="inline"
        onClick={[Function]}
        side="left"
        title="Листать назад"
      >
        <ControlStyled
          active={false}
          mode="inline"
          side="left"
        >
          <div
            className="emotion-2 emotion-3"
            mode="inline"
          >
            <ButtonStyled
              active={false}
              disabled={true}
              mode="inline"
              onClick={[Function]}
              side="left"
              tabIndex={-1}
              title="Листать назад"
              type="button"
            >
              <button
                className="emotion-4 emotion-5"
                disabled={true}
                mode="inline"
                onClick={[Function]}
                tabIndex={-1}
                title="Листать назад"
                type="button"
              >
                <Icon
                  icon="<svg xmlns=\\"http://www.w3.org/2000/svg\\" width=\\"24\\" height=\\"24\\" viewBox=\\"0 0 24 24\\">    <path fill-rule=\\"evenodd\\" d=\\"M19 11H7.83l4.88-4.88c.39-.39.39-1.03 0-1.42-.39-.39-1.02-.39-1.41 0l-6.59 6.59c-.39.39-.39 1.02 0 1.41l6.59 6.59c.39.39 1.02.39 1.41 0 .39-.39.39-1.02 0-1.41L7.83 13H19c.55 0 1-.45 1-1s-.45-1-1-1z\\"/></svg>"
                >
                  <WrapperStyled
                    dangerouslySetInnerHTML={
                      Object {
                        "__html": "<svg xmlns=\\"http://www.w3.org/2000/svg\\" width=\\"24\\" height=\\"24\\" viewBox=\\"0 0 24 24\\">    <path fill-rule=\\"evenodd\\" d=\\"M19 11H7.83l4.88-4.88c.39-.39.39-1.03 0-1.42-.39-.39-1.02-.39-1.41 0l-6.59 6.59c-.39.39-.39 1.02 0 1.41l6.59 6.59c.39.39 1.02.39 1.41 0 .39-.39.39-1.02 0-1.41L7.83 13H19c.55 0 1-.45 1-1s-.45-1-1-1z\\"/></svg>",
                      }
                    }
                    onClick={[Function]}
                  >
                    <span
                      className="emotion-6 emotion-7"
                      dangerouslySetInnerHTML={
                        Object {
                          "__html": "<svg xmlns=\\"http://www.w3.org/2000/svg\\" width=\\"24\\" height=\\"24\\" viewBox=\\"0 0 24 24\\">    <path fill-rule=\\"evenodd\\" d=\\"M19 11H7.83l4.88-4.88c.39-.39.39-1.03 0-1.42-.39-.39-1.02-.39-1.41 0l-6.59 6.59c-.39.39-.39 1.02 0 1.41l6.59 6.59c.39.39 1.02.39 1.41 0 .39-.39.39-1.02 0-1.41L7.83 13H19c.55 0 1-.45 1-1s-.45-1-1-1z\\"/></svg>",
                        }
                      }
                      onClick={[Function]}
                    />
                  </WrapperStyled>
                </Icon>
              </button>
            </ButtonStyled>
          </div>
        </ControlStyled>
      </Control>
      <ScrollZoneStyled
        leftControlHidden={true}
        mobile={false}
        mode="inline"
        onMouseEnter={[Function]}
        onScroll={[Function]}
        rightControlHidden={true}
      >
        <div
          className="emotion-8 emotion-9"
          mode="inline"
          onMouseEnter={[Function]}
          onScroll={[Function]}
        >
          <ContentsStyled>
            <div
              className="emotion-10 emotion-11"
            >
              This is HorizontalScroll.
            </div>
          </ContentsStyled>
        </div>
      </ScrollZoneStyled>
      <Control
        active={false}
        mode="inline"
        onClick={[Function]}
        side="right"
        title="Листать вперед"
      >
        <ControlStyled
          active={false}
          mode="inline"
          side="right"
        >
          <div
            className="emotion-12 emotion-3"
            mode="inline"
          >
            <ButtonStyled
              active={false}
              disabled={true}
              mode="inline"
              onClick={[Function]}
              side="right"
              tabIndex={-1}
              title="Листать вперед"
              type="button"
            >
              <button
                className="emotion-4 emotion-5"
                disabled={true}
                mode="inline"
                onClick={[Function]}
                tabIndex={-1}
                title="Листать вперед"
                type="button"
              >
                <Icon
                  icon="<svg xmlns=\\"http://www.w3.org/2000/svg\\" width=\\"24\\" height=\\"24\\" viewBox=\\"0 0 24 24\\" >    <path transform=\\"translate(24 24) rotate(180)\\" fill-rule=\\"evenodd\\" d=\\"M19 11H7.83l4.88-4.88c.39-.39.39-1.03 0-1.42-.39-.39-1.02-.39-1.41 0l-6.59 6.59c-.39.39-.39 1.02 0 1.41l6.59 6.59c.39.39 1.02.39 1.41 0 .39-.39.39-1.02 0-1.41L7.83 13H19c.55 0 1-.45 1-1s-.45-1-1-1z\\"/></svg>"
                >
                  <WrapperStyled
                    dangerouslySetInnerHTML={
                      Object {
                        "__html": "<svg xmlns=\\"http://www.w3.org/2000/svg\\" width=\\"24\\" height=\\"24\\" viewBox=\\"0 0 24 24\\" >    <path transform=\\"translate(24 24) rotate(180)\\" fill-rule=\\"evenodd\\" d=\\"M19 11H7.83l4.88-4.88c.39-.39.39-1.03 0-1.42-.39-.39-1.02-.39-1.41 0l-6.59 6.59c-.39.39-.39 1.02 0 1.41l6.59 6.59c.39.39 1.02.39 1.41 0 .39-.39.39-1.02 0-1.41L7.83 13H19c.55 0 1-.45 1-1s-.45-1-1-1z\\"/></svg>",
                      }
                    }
                    onClick={[Function]}
                  >
                    <span
                      className="emotion-6 emotion-7"
                      dangerouslySetInnerHTML={
                        Object {
                          "__html": "<svg xmlns=\\"http://www.w3.org/2000/svg\\" width=\\"24\\" height=\\"24\\" viewBox=\\"0 0 24 24\\" >    <path transform=\\"translate(24 24) rotate(180)\\" fill-rule=\\"evenodd\\" d=\\"M19 11H7.83l4.88-4.88c.39-.39.39-1.03 0-1.42-.39-.39-1.02-.39-1.41 0l-6.59 6.59c-.39.39-.39 1.02 0 1.41l6.59 6.59c.39.39 1.02.39 1.41 0 .39-.39.39-1.02 0-1.41L7.83 13H19c.55 0 1-.45 1-1s-.45-1-1-1z\\"/></svg>",
                        }
                      }
                      onClick={[Function]}
                    />
                  </WrapperStyled>
                </Icon>
              </button>
            </ButtonStyled>
          </div>
        </ControlStyled>
      </Control>
    </div>
  </ScrollStyled>
</HorizontalScroll>
`;
