// Jest Snapshot v1, https://goo.gl/fbAQLP

exports[`<ValueSubheader /> Snapshot 1`] = `
<GroupTitleStyled
  size="md"
>
  mmm-title-example
</GroupTitleStyled>
`;
