// Jest Snapshot v1, https://goo.gl/fbAQLP

exports[`<Button /> renders title 1`] = `
<ButtonSecondaryStyled
  aria-busy={false}
  aria-label="title"
  aria-live="polite"
  iconReverse={false}
  isLoading={false}
  onClick={[Function]}
  size="md"
>
  <ButtonBase
    fontWeight="medium"
    iconReverse={false}
    size="md"
    title="title"
  />
</ButtonSecondaryStyled>
`;
